// Jest Snapshot v1, https://goo.gl/fbAQLP

exports[`Tests in <GifGrid/> match with the snapshot 1`] = `
<div>
  <h3>
    Cargando...
  </h3>
</div>
`;
